Archive member included to satisfy reference by file (symbol)

C:/ST/STM32CubeIDE_1.19.0/STM32CubeIDE/plugins/com.st.stm32cube.ide.mcu.externaltools.gnu-tools-for-stm32.13.3.rel1.win32_1.0.0.202411081344/tools/bin/../lib/gcc/arm-none-eabi/13.3.1/../../../../arm-none-eabi/lib/thumb/v7e-m+fp/hard\libc_nano.a(libc_a-exit.o)
                              C:/ST/STM32CubeIDE_1.19.0/STM32CubeIDE/plugins/com.st.stm32cube.ide.mcu.externaltools.gnu-tools-for-stm32.13.3.rel1.win32_1.0.0.202411081344/tools/bin/../lib/gcc/arm-none-eabi/13.3.1/../../../../arm-none-eabi/lib/thumb/v7e-m+fp/hard/crt0.o (exit)
C:/ST/STM32CubeIDE_1.19.0/STM32CubeIDE/plugins/com.st.stm32cube.ide.mcu.externaltools.gnu-tools-for-stm32.13.3.rel1.win32_1.0.0.202411081344/tools/bin/../lib/gcc/arm-none-eabi/13.3.1/../../../../arm-none-eabi/lib/thumb/v7e-m+fp/hard\libc_nano.a(libc_a-findfp.o)
                              C:/ST/STM32CubeIDE_1.19.0/STM32CubeIDE/plugins/com.st.stm32cube.ide.mcu.externaltools.gnu-tools-for-stm32.13.3.rel1.win32_1.0.0.202411081344/tools/bin/../lib/gcc/arm-none-eabi/13.3.1/../../../../arm-none-eabi/lib/thumb/v7e-m+fp/hard\libc_nano.a(libc_a-exit.o) (__stdio_exit_handler)
C:/ST/STM32CubeIDE_1.19.0/STM32CubeIDE/plugins/com.st.stm32cube.ide.mcu.externaltools.gnu-tools-for-stm32.13.3.rel1.win32_1.0.0.202411081344/tools/bin/../lib/gcc/arm-none-eabi/13.3.1/../../../../arm-none-eabi/lib/thumb/v7e-m+fp/hard\libc_nano.a(libc_a-fwalk.o)
                              C:/ST/STM32CubeIDE_1.19.0/STM32CubeIDE/plugins/com.st.stm32cube.ide.mcu.externaltools.gnu-tools-for-stm32.13.3.rel1.win32_1.0.0.202411081344/tools/bin/../lib/gcc/arm-none-eabi/13.3.1/../../../../arm-none-eabi/lib/thumb/v7e-m+fp/hard\libc_nano.a(libc_a-findfp.o) (_fwalk_sglue)
C:/ST/STM32CubeIDE_1.19.0/STM32CubeIDE/plugins/com.st.stm32cube.ide.mcu.externaltools.gnu-tools-for-stm32.13.3.rel1.win32_1.0.0.202411081344/tools/bin/../lib/gcc/arm-none-eabi/13.3.1/../../../../arm-none-eabi/lib/thumb/v7e-m+fp/hard\libc_nano.a(libc_a-stdio.o)
                              C:/ST/STM32CubeIDE_1.19.0/STM32CubeIDE/plugins/com.st.stm32cube.ide.mcu.externaltools.gnu-tools-for-stm32.13.3.rel1.win32_1.0.0.202411081344/tools/bin/../lib/gcc/arm-none-eabi/13.3.1/../../../../arm-none-eabi/lib/thumb/v7e-m+fp/hard\libc_nano.a(libc_a-findfp.o) (__sread)
C:/ST/STM32CubeIDE_1.19.0/STM32CubeIDE/plugins/com.st.stm32cube.ide.mcu.externaltools.gnu-tools-for-stm32.13.3.rel1.win32_1.0.0.202411081344/tools/bin/../lib/gcc/arm-none-eabi/13.3.1/../../../../arm-none-eabi/lib/thumb/v7e-m+fp/hard\libc_nano.a(libc_a-memset.o)
                              C:/ST/STM32CubeIDE_1.19.0/STM32CubeIDE/plugins/com.st.stm32cube.ide.mcu.externaltools.gnu-tools-for-stm32.13.3.rel1.win32_1.0.0.202411081344/tools/bin/../lib/gcc/arm-none-eabi/13.3.1/../../../../arm-none-eabi/lib/thumb/v7e-m+fp/hard/crt0.o (memset)
C:/ST/STM32CubeIDE_1.19.0/STM32CubeIDE/plugins/com.st.stm32cube.ide.mcu.externaltools.gnu-tools-for-stm32.13.3.rel1.win32_1.0.0.202411081344/tools/bin/../lib/gcc/arm-none-eabi/13.3.1/../../../../arm-none-eabi/lib/thumb/v7e-m+fp/hard\libc_nano.a(libc_a-closer.o)
                              C:/ST/STM32CubeIDE_1.19.0/STM32CubeIDE/plugins/com.st.stm32cube.ide.mcu.externaltools.gnu-tools-for-stm32.13.3.rel1.win32_1.0.0.202411081344/tools/bin/../lib/gcc/arm-none-eabi/13.3.1/../../../../arm-none-eabi/lib/thumb/v7e-m+fp/hard\libc_nano.a(libc_a-stdio.o) (_close_r)
C:/ST/STM32CubeIDE_1.19.0/STM32CubeIDE/plugins/com.st.stm32cube.ide.mcu.externaltools.gnu-tools-for-stm32.13.3.rel1.win32_1.0.0.202411081344/tools/bin/../lib/gcc/arm-none-eabi/13.3.1/../../../../arm-none-eabi/lib/thumb/v7e-m+fp/hard\libc_nano.a(libc_a-reent.o)
                              C:/ST/STM32CubeIDE_1.19.0/STM32CubeIDE/plugins/com.st.stm32cube.ide.mcu.externaltools.gnu-tools-for-stm32.13.3.rel1.win32_1.0.0.202411081344/tools/bin/../lib/gcc/arm-none-eabi/13.3.1/../../../../arm-none-eabi/lib/thumb/v7e-m+fp/hard\libc_nano.a(libc_a-closer.o) (errno)
C:/ST/STM32CubeIDE_1.19.0/STM32CubeIDE/plugins/com.st.stm32cube.ide.mcu.externaltools.gnu-tools-for-stm32.13.3.rel1.win32_1.0.0.202411081344/tools/bin/../lib/gcc/arm-none-eabi/13.3.1/../../../../arm-none-eabi/lib/thumb/v7e-m+fp/hard\libc_nano.a(libc_a-impure.o)
                              C:/ST/STM32CubeIDE_1.19.0/STM32CubeIDE/plugins/com.st.stm32cube.ide.mcu.externaltools.gnu-tools-for-stm32.13.3.rel1.win32_1.0.0.202411081344/tools/bin/../lib/gcc/arm-none-eabi/13.3.1/../../../../arm-none-eabi/lib/thumb/v7e-m+fp/hard\libc_nano.a(libc_a-reent.o) (_impure_ptr)
C:/ST/STM32CubeIDE_1.19.0/STM32CubeIDE/plugins/com.st.stm32cube.ide.mcu.externaltools.gnu-tools-for-stm32.13.3.rel1.win32_1.0.0.202411081344/tools/bin/../lib/gcc/arm-none-eabi/13.3.1/../../../../arm-none-eabi/lib/thumb/v7e-m+fp/hard\libc_nano.a(libc_a-lseekr.o)
[...]
Memory Configuration

Name             Origin             Length             Attributes
CCMRAM           0x10000000         0x00001000         xrw
RAM              0x20000000         0x00003000         xrw
FLASH            0x08000000         0x00010000         xr
*default*        0x00000000         0xffffffff

Linker script and memory map

LOAD C:/ST/STM32CubeIDE_1.19.0/STM32CubeIDE/plugins/com.st.stm32cube.ide.mcu.externaltools.gnu-tools-for-stm32.13.3.rel1.win32_1.0.0.202411081344/tools/bin/../lib/gcc/arm-none-eabi/13.3.1/thumb/v7e-m+fp/hard/crti.o
LOAD C:/ST/STM32CubeIDE_1.19.0/STM32CubeIDE/plugins/com.st.stm32cube.ide.mcu.externaltools.gnu-tools-for-stm32.13.3.rel1.win32_1.0.0.202411081344/tools/bin/../lib/gcc/arm-none-eabi/13.3.1/thumb/v7e-m+fp/hard/crtbegin.o
LOAD C:/ST/STM32CubeIDE_1.19.0/STM32CubeIDE/plugins/com.st.stm32cube.ide.mcu.externaltools.gnu-tools-for-stm32.13.3.rel1.win32_1.0.0.202411081344/tools/bin/../lib/gcc/arm-none-eabi/13.3.1/../../../../arm-none-eabi/lib/thumb/v7e-m+fp/hard/crt0.o
LOAD ./Core/Src/main.o
LOAD ./Core/Src/stm32f3xx_hal_msp.o
LOAD ./Core/Src/stm32f3xx_it.o
LOAD ./Core/Src/syscalls.o
LOAD ./Core/Src/sysmem.o
LOAD ./Core/Src/system_stm32f3xx.o
LOAD ./Core/Startup/startup_stm32f334c8tx.o
LOAD ./Drivers/STM32F3xx_HAL_Driver/Src/stm32f3xx_hal.o
LOAD ./Drivers/STM32F3xx_HAL_Driver/Src/stm32f3xx_hal_adc.o
LOAD ./Drivers/STM32F3xx_HAL_Driver/Src/stm32f3xx_hal_adc_ex.o
LOAD ./Drivers/STM32F3xx_HAL_Driver/Src/stm32f3xx_hal_cortex.o
LOAD ./Drivers/STM32F3xx_HAL_Driver/Src/stm32f3xx_hal_dma.o
LOAD ./Drivers/STM32F3xx_HAL_Driver/Src/stm32f3xx_hal_exti.o
LOAD ./Drivers/STM32F3xx_HAL_Driver/Src/stm32f3xx_hal_flash.o
LOAD ./Drivers/STM32F3xx_HAL_Driver/Src/stm32f3xx_hal_flash_ex.o
LOAD ./Drivers/STM32F3xx_HAL_Driver/Src/stm32f3xx_hal_gpio.o
LOAD ./Drivers/STM32F3xx_HAL_Driver/Src/stm32f3xx_hal_hrtim.o
LOAD ./Drivers/STM32F3xx_HAL_Driver/Src/stm32f3xx_hal_i2c.o
LOAD ./Drivers/STM32F3xx_HAL_Driver/Src/stm32f3xx_hal_i2c_ex.o
LOAD ./Drivers/STM32F3xx_HAL_Driver/Src/stm32f3xx_hal_pwr.o
LOAD ./Drivers/STM32F3xx_HAL_Driver/Src/stm32f3xx_hal_pwr_ex.o
LOAD ./Drivers/STM32F3xx_HAL_Driver/Src/stm32f3xx_hal_rcc.o
LOAD ./Drivers/STM32F3xx_HAL_Driver/Src/stm32f3xx_hal_rcc_ex.o
LOAD ./Drivers/STM32F3xx_HAL_Driver/Src/stm32f3xx_hal_tim.o
LOAD ./Drivers/STM32F3xx_HAL_Driver/Src/stm32f3xx_hal_tim_ex.o
START GROUP
LOAD C:/ST/STM32CubeIDE_1.19.0/STM32CubeIDE/plugins/com.st.stm32cube.ide.mcu.externaltools.gnu-tools-for-stm32.13.3.rel1.win32_1.0.0.202411081344/tools/bin/../lib/gcc/arm-none-eabi/13.3.1/../../../../arm-none-eabi/lib/thumb/v7e-m+fp/hard\libc_nano.a
LOAD C:/ST/STM32CubeIDE_1.19.0/STM32CubeIDE/plugins/com.st.stm32cube.ide.mcu.externaltools.gnu-tools-for-stm32.13.3.rel1.win32_1.0.0.202411081344/tools/bin/../lib/gcc/arm-none-eabi/13.3.1/../../../../arm-none-eabi/lib/thumb/v7e-m+fp/hard\libm.a
END GROUP
START GROUP
LOAD C:/ST/STM32CubeIDE_1.19.0/STM32CubeIDE/plugins/com.st.stm32cube.ide.mcu.externaltools.gnu-tools-for-stm32.13.3.rel1.win32_1.0.0.202411081344/tools/bin/../lib/gcc/arm-none-eabi/13.3.1/thumb/v7e-m+fp/hard\libgcc.a
LOAD C:/ST/STM32CubeIDE_1.19.0/STM32CubeIDE/plugins/com.st.stm32cube.ide.mcu.externaltools.gnu-tools-for-stm32.13.3.rel1.win32_1.0.0.202411081344/tools/bin/../lib/gcc/arm-none-eabi/13.3.1/../../../../arm-none-eabi/lib/thumb/v7e-m+fp/hard\libc_nano.a
END GROUP
START GROUP
LOAD C:/ST/STM32CubeIDE_1.19.0/STM32CubeIDE/plugins/com.st.stm32cube.ide.mcu.externaltools.gnu-tools-for-stm32.13.3.rel1.win32_1.0.0.202411081344/tools/bin/../lib/gcc/arm-none-eabi/13.3.1/thumb/v7e-m+fp/hard\libgcc.a
LOAD C:/ST/STM32CubeIDE_1.19.0/STM32CubeIDE/plugins/com.st.stm32cube.ide.mcu.externaltools.gnu-tools-for-stm32.13.3.rel1.win32_1.0.0.202411081344/tools/bin/../lib/gcc/arm-none-eabi/13.3.1/../../../../arm-none-eabi/lib/thumb/v7e-m+fp/hard\libc_nano.a
LOAD C:/ST/STM32CubeIDE_1.19.0/STM32CubeIDE/plugins/com.st.stm32cube.ide.mcu.externaltools.gnu-tools-for-stm32.13.3.rel1.win32_1.0.0.202411081344/tools/bin/../lib/gcc/arm-none-eabi/13.3.1/../../../../arm-none-eabi/lib/thumb/v7e-m+fp/hard\libnosys.a
END GROUP
START GROUP
LOAD C:/ST/STM32CubeIDE_1.19.0/STM32CubeIDE/plugins/com.st.stm32cube.ide.mcu.externaltools.gnu-tools-for-stm32.13.3.rel1.win32_1.0.0.202411081344/tools/bin/../lib/gcc/arm-none-eabi/13.3.1/thumb/v7e-m+fp/hard\libgcc.a
LOAD C:/ST/STM32CubeIDE_1.19.0/STM32CubeIDE/plugins/com.st.stm32cube.ide.mcu.externaltools.gnu-tools-for-stm32.13.3.rel1.win32_1.0.0.202411081344/tools/bin/../lib/gcc/arm-none-eabi/13.3.1/../../../../arm-none-eabi/lib/thumb/v7e-m+fp/hard\libc_nano.a
LOAD C:/ST/STM32CubeIDE_1.19.0/STM32CubeIDE/plugins/com.st.stm32cube.ide.mcu.externaltools.gnu-tools-for-stm32.13.3.rel1.win32_1.0.0.202411081344/tools/bin/../lib/gcc/arm-none-eabi/13.3.1/../../../../arm-none-eabi/lib/thumb/v7e-m+fp/hard\libnosys.a
END GROUP
LOAD C:/ST/STM32CubeIDE_1.19.0/STM32CubeIDE/plugins/com.st.stm32cube.ide.mcu.externaltools.gnu-tools-for-stm32.13.3.rel1.win32_1.0.0.202411081344/tools/bin/../lib/gcc/arm-none-eabi/13.3.1/thumb/v7e-m+fp/hard/crtend.o
LOAD C:/ST/STM32CubeIDE_1.19.0/STM32CubeIDE/plugins/com.st.stm32cube.ide.mcu.externaltools.gnu-tools-for-stm32.13.3.rel1.win32_1.0.0.202411081344/tools/bin/../lib/gcc/arm-none-eabi/13.3.1/thumb/v7e-m+fp/hard/crtn.o
                0x20003000                        _estack = (ORIGIN (RAM) + LENGTH (RAM))
                0x00000200                        _Min_Heap_Size = 0x200
                0x00000400                        _Min_Stack_Size = 0x400

.isr_vector     0x08000000      0x188
                0x08000000                        . = ALIGN (0x4)
 *(.isr_vector)
 .isr_vector    0x08000000      0x188 ./Core/Startup/startup_stm32f334c8tx.o
                0x08000000                g_pfnVectors
                0x08000188                        . = ALIGN (0x4)

.text           0x08000188     0x5b38
                0x08000188                        . = ALIGN (0x4)
 *(.text)
 .text          0x08000188       0x40 C:/ST/STM32CubeIDE_1.19.0/STM32CubeIDE/plugins/com.st.stm32cube.ide.mcu.externaltools.gnu-tools-for-stm32.13.3.rel1.win32_1.0.0.202411081344/tools/bin/../lib/gcc/arm-none-eabi/13.3.1/thumb/v7e-m+fp/hard/crtbegin.o
 .text          0x080001c8      0x254 C:/ST/STM32CubeIDE_1.19.0/STM32CubeIDE/plugins/com.st.stm32cube.ide.mcu.externaltools.gnu-tools-for-stm32.13.3.rel1.win32_1.0.0.202411081344/tools/bin/../lib/gcc/arm-none-eabi/13.3.1/thumb/v7e-m+fp/hard\libgcc.a(_arm_muldf3.o)
                0x080001c8                __muldf3
                0x080001c8                __aeabi_dmul
 .text          0x0800041c      0x378 C:/ST/STM32CubeIDE_1.19.0/STM32CubeIDE/plugins/com.st.stm32cube.ide.mcu.externaltools.gnu-tools-for-stm32.13.3.rel1.win32_1.0.0.202411081344/tools/bin/../lib/gcc/arm-none-eabi/13.3.1/thumb/v7e-m+fp/hard\libgcc.a(_arm_addsubdf3.o)
                0x0800041c                __aeabi_drsub
                0x08000424                __aeabi_dsub
                0x08000424                __subdf3
                0x08000428                __aeabi_dadd
                0x08000428                __adddf3
                0x080006a0                __floatunsidf
                0x080006a0                __aeabi_ui2d
                0x080006c0                __floatsidf
                0x080006c0                __aeabi_i2d
                0x080006e4                __aeabi_f2d
                0x080006e4                __extendsfdf2
                0x08000728                __floatundidf
                0x08000728                __aeabi_ul2d
                0x08000738                __floatdidf
                0x08000738                __aeabi_l2d
 .text          0x08000794       0xa0 C:/ST/STM32CubeIDE_1.19.0/STM32CubeIDE/plugins/com.st.stm32cube.ide.mcu.externaltools.gnu-tools-for-stm32.13.3.rel1.win32_1.0.0.202411081344/tools/bin/../lib/gcc/arm-none-eabi/13.3.1/thumb/v7e-m+fp/hard\libgcc.a(_arm_truncdfsf2.o)
                0x08000794                __truncdfsf2
                0x08000794                __aeabi_d2f
 *(.text*)
 .text.update_pi
                0x08000834       0xf8 ./Core/Src/main.o
                0x08000834                update_pi
 .text.HAL_TIM_PeriodElapsedCallback
                0x0800092c       0x54 ./Core/Src/main.o
                0x0800092c                HAL_TIM_PeriodElapsedCallback
 .text.HAL_ADCEx_InjectedConvCpltCallback
                0x08000980      0x17c ./Core/Src/main.o
                0x08000980                HAL_ADCEx_InjectedConvCpltCallback
 .text.main     0x08000afc       0x68 ./Core/Src/main.o
                0x08000afc                main
 .text.SystemClock_Config
                0x08000b64       0xc2 ./Core/Src/main.o
                0x08000b64                SystemClock_Config
 *fill*         0x08000c26        0x2 
 .text.MX_ADC1_Init
                0x08000c28      0x140 ./Core/Src/main.o
 .text.MX_HRTIM1_Init
                0x08000d68      0x254 ./Core/Src/main.o
 .text.MX_TIM1_Init
                0x08000fbc       0xa8 ./Core/Src/main.o
 .text.MX_GPIO_Init
                0x08001064       0x30 ./Core/Src/main.o
 .text.Error_Handler
                0x08001094        0xc ./Core/Src/main.o
                0x08001094                Error_Handler
 .text.HAL_MspInit
                0x080010a0       0x48 ./Core/Src/stm32f3xx_hal_msp.o
                0x080010a0                HAL_MspInit
 .text.HAL_ADC_MspInit
                0x080010e8       0x88 ./Core/Src/stm32f3xx_hal_msp.o
                0x080010e8                HAL_ADC_MspInit
 .text.HAL_HRTIM_MspInit
                0x08001170       0x40 ./Core/Src/stm32f3xx_hal_msp.o
                0x08001170                HAL_HRTIM_MspInit
 .text.HAL_HRTIM_MspPostInit
                0x080011b0       0x70 ./Core/Src/stm32f3xx_hal_msp.o
                0x080011b0                HAL_HRTIM_MspPostInit
 .text.HAL_TIM_Base_MspInit
                0x08001220       0x4c ./Core/Src/stm32f3xx_hal_msp.o
                0x08001220                HAL_TIM_Base_MspInit
 .text.NMI_Handler
                0x0800126c        0x8 ./Core/Src/stm32f3xx_it.o
                0x0800126c                NMI_Handler
 .text.HardFault_Handler
                0x08001274        0x8 ./Core/Src/stm32f3xx_it.o
                0x08001274                HardFault_Handler
 .text.MemManage_Handler
                0x0800127c        0x8 ./Core/Src/stm32f3xx_it.o
                0x0800127c                MemManage_Handler
 .text.BusFault_Handler
                0x08001284        0x8 ./Core/Src/stm32f3xx_it.o
                0x08001284                BusFault_Handler
 .text.UsageFault_Handler
                0x0800128c        0x8 ./Core/Src/stm32f3xx_it.o
                0x0800128c                UsageFault_Handler
 .text.SVC_Handler
                0x08001294        0xe ./Core/Src/stm32f3xx_it.o
                0x08001294                SVC_Handler
 .text.DebugMon_Handler
                0x080012a2        0xe ./Core/Src/stm32f3xx_it.o
                0x080012a2                DebugMon_Handler
 .text.PendSV_Handler
                0x080012b0        0xe ./Core/Src/stm32f3xx_it.o
                0x080012b0                PendSV_Handler
 .text.SysTick_Handler
                0x080012be        0xc ./Core/Src/stm32f3xx_it.o
                0x080012be                SysTick_Handler
 *fill*         0x080012ca        0x2 
 .text.ADC1_2_IRQHandler
                0x080012cc       0x14 ./Core/Src/stm32f3xx_it.o
                0x080012cc                ADC1_2_IRQHandler
 .text.TIM1_UP_TIM16_IRQHandler
                0x080012e0       0x14 ./Core/Src/stm32f3xx_it.o
                0x080012e0                TIM1_UP_TIM16_IRQHandler
 .text.SystemInit
                0x080012f4       0x24 ./Core/Src/system_stm32f3xx.o
                0x080012f4                SystemInit
 .text.Reset_Handler
                0x08001318       0x50 ./Core/Startup/startup_stm32f334c8tx.o
                0x08001318                Reset_Handler
 .text.Default_Handler
                0x08001368        0x2 ./Core/Startup/startup_stm32f334c8tx.o
                0x08001368                RTC_Alarm_IRQHandler
                0x08001368                HRTIM1_Master_IRQHandler
                0x08001368                TIM1_CC_IRQHandler
                0x08001368                HRTIM1_FLT_IRQHandler
                0x08001368                PVD_IRQHandler
                0x08001368                HRTIM1_TIMD_IRQHandler
                0x08001368                TAMP_STAMP_IRQHandler
                0x08001368                EXTI3_IRQHandler
                0x08001368                EXTI0_IRQHandler
                0x08001368                FPU_IRQHandler
                0x08001368                CAN_TX_IRQHandler
                0x08001368                HRTIM1_TIME_IRQHandler
                0x08001368                SPI1_IRQHandler
                0x08001368                CAN_SCE_IRQHandler
                0x08001368                HRTIM1_TIMC_IRQHandler
                0x08001368                DMA1_Channel4_IRQHandler
                0x08001368                USART3_IRQHandler
                0x08001368                DMA1_Channel7_IRQHandler
                0x08001368                TIM7_DAC2_IRQHandler
                0x08001368                CAN_RX1_IRQHandler
                0x08001368                I2C1_EV_IRQHandler
                0x08001368                DMA1_Channel6_IRQHandler
                0x08001368                TIM3_IRQHandler
                0x08001368                RCC_IRQHandler
                0x08001368                DMA1_Channel1_IRQHandler
                0x08001368                Default_Handler
                0x08001368                EXTI15_10_IRQHandler
                0x08001368                COMP2_IRQHandler
                0x08001368                HRTIM1_TIMA_IRQHandler
                0x08001368                TIM6_DAC1_IRQHandler
                0x08001368                EXTI9_5_IRQHandler
                0x08001368                RTC_WKUP_IRQHandler
                0x08001368                DMA1_Channel5_IRQHandler
                0x08001368                EXTI4_IRQHandler
                0x08001368                HRTIM1_TIMB_IRQHandler
                0x08001368                TIM1_TRG_COM_TIM17_IRQHandler
                0x08001368                DMA1_Channel3_IRQHandler
                0x08001368                WWDG_IRQHandler
                0x08001368                TIM2_IRQHandler
                0x08001368                EXTI1_IRQHandler
                0x08001368                COMP4_6_IRQHandler
                0x08001368                USART2_IRQHandler
                0x08001368                DMA1_Channel2_IRQHandler
                0x08001368                FLASH_IRQHandler
                0x08001368                USART1_IRQHandler
                0x08001368                CAN_RX0_IRQHandler
                0x08001368                I2C1_ER_IRQHandler
                0x08001368                EXTI2_TSC_IRQHandler
                0x08001368                TIM1_BRK_TIM15_IRQHandler
 *fill*         0x0800136a        0x2 
 .text.HAL_Init
                0x0800136c       0x2c ./Drivers/STM32F3xx_HAL_Driver/Src/stm32f3xx_hal.o
                0x0800136c                HAL_Init
 .text.HAL_InitTick
                0x08001398       0x60 ./Drivers/STM32F3xx_HAL_Driver/Src/stm32f3xx_hal.o
                0x08001398                HAL_InitTick
 .text.HAL_IncTick
                0x080013f8       0x28 ./Drivers/STM32F3xx_HAL_Driver/Src/stm32f3xx_hal.o
                0x080013f8                HAL_IncTick
 .text.HAL_GetTick
                0x08001420       0x18 ./Drivers/STM32F3xx_HAL_Driver/Src/stm32f3xx_hal.o
                0x08001420                HAL_GetTick
 .text.HAL_ADC_ConvCpltCallback
                0x08001438       0x14 ./Drivers/STM32F3xx_HAL_Driver/Src/stm32f3xx_hal_adc.o
                0x08001438                HAL_ADC_ConvCpltCallback
 .text.HAL_ADC_LevelOutOfWindowCallback
                0x0800144c       0x14 ./Drivers/STM32F3xx_HAL_Driver/Src/stm32f3xx_hal_adc.o
                0x0800144c                HAL_ADC_LevelOutOfWindowCallback
 .text.HAL_ADC_ErrorCallback
                0x08001460       0x14 ./Drivers/STM32F3xx_HAL_Driver/Src/stm32f3xx_hal_adc.o
                0x08001460                HAL_ADC_ErrorCallback
 .text.HAL_ADC_Init
                0x08001474      0x324 ./Drivers/STM32F3xx_HAL_Driver/Src/stm32f3xx_hal_adc_ex.o
                0x08001474                HAL_ADC_Init
 .text.HAL_ADC_IRQHandler
                0x08001798      0x3f4 ./Drivers/STM32F3xx_HAL_Driver/Src/stm32f3xx_hal_adc_ex.o
                0x08001798                HAL_ADC_IRQHandler
 .text.HAL_ADCEx_Calibration_Start
                0x08001b8c       0xe4 ./Drivers/STM32F3xx_HAL_Driver/Src/stm32f3xx_hal_adc_ex.o
                0x08001b8c                HAL_ADCEx_Calibration_Start
 .text.HAL_ADCEx_InjectedStart_IT
                0x08001c70      0x170 ./Drivers/STM32F3xx_HAL_Driver/Src/stm32f3xx_hal_adc_ex.o
                0x08001c70                HAL_ADCEx_InjectedStart_IT
 .text.HAL_ADCEx_InjectedGetValue
                0x08001de0       0x66 ./Drivers/STM32F3xx_HAL_Driver/Src/stm32f3xx_hal_adc_ex.o
                0x08001de0                HAL_ADCEx_InjectedGetValue
 .text.HAL_ADCEx_InjectedQueueOverflowCallback
                0x08001e46       0x14 ./Drivers/STM32F3xx_HAL_Driver/Src/stm32f3xx_hal_adc_ex.o
                0x08001e46                HAL_ADCEx_InjectedQueueOverflowCallback
 .text.HAL_ADCEx_LevelOutOfWindow2Callback
                0x08001e5a       0x14 ./Drivers/STM32F3xx_HAL_Driver/Src/stm32f3xx_hal_adc_ex.o
                0x08001e5a                HAL_ADCEx_LevelOutOfWindow2Callback
 .text.HAL_ADCEx_LevelOutOfWindow3Callback
                0x08001e6e       0x14 ./Drivers/STM32F3xx_HAL_Driver/Src/stm32f3xx_hal_adc_ex.o
                0x08001e6e                HAL_ADCEx_LevelOutOfWindow3Callback
 *fill*         0x08001e82        0x2 
 .text.HAL_ADCEx_InjectedConfigChannel
                0x08001e84      0x634 ./Drivers/STM32F3xx_HAL_Driver/Src/stm32f3xx_hal_adc_ex.o
                0x08001e84                HAL_ADCEx_InjectedConfigChannel
 .text.HAL_ADCEx_MultiModeConfigChannel
                0x080024b8      0x18c ./Drivers/STM32F3xx_HAL_Driver/Src/stm32f3xx_hal_adc_ex.o
                0x080024b8                HAL_ADCEx_MultiModeConfigChannel
 .text.ADC_Enable
                0x08002644       0xc8 ./Drivers/STM32F3xx_HAL_Driver/Src/stm32f3xx_hal_adc_ex.o
 .text.ADC_Disable
                0x0800270c       0xcc ./Drivers/STM32F3xx_HAL_Driver/Src/stm32f3xx_hal_adc_ex.o
 .text.__NVIC_SetPriorityGrouping
                0x080027d8       0x48 ./Drivers/STM32F3xx_HAL_Driver/Src/stm32f3xx_hal_cortex.o
 .text.__NVIC_GetPriorityGrouping
                0x08002820       0x1c ./Drivers/STM32F3xx_HAL_Driver/Src/stm32f3xx_hal_cortex.o
 .text.__NVIC_EnableIRQ
                0x0800283c       0x3c ./Drivers/STM32F3xx_HAL_Driver/Src/stm32f3xx_hal_cortex.o
 .text.__NVIC_SetPriority
                0x08002878       0x54 ./Drivers/STM32F3xx_HAL_Driver/Src/stm32f3xx_hal_cortex.o
 .text.NVIC_EncodePriority
                0x080028cc       0x66 ./Drivers/STM32F3xx_HAL_Driver/Src/stm32f3xx_hal_cortex.o
 *fill*         0x08002932        0x2 
 .text.SysTick_Config
                0x08002934       0x44 ./Drivers/STM32F3xx_HAL_Driver/Src/stm32f3xx_hal_cortex.o
 .text.HAL_NVIC_SetPriorityGrouping
                0x08002978       0x16 ./Drivers/STM32F3xx_HAL_Driver/Src/stm32f3xx_hal_cortex.o
                0x08002978                HAL_NVIC_SetPriorityGrouping
 .text.HAL_NVIC_SetPriority
                0x0800298e       0x38 ./Drivers/STM32F3xx_HAL_Driver/Src/stm32f3xx_hal_cortex.o
                0x0800298e                HAL_NVIC_SetPriority
 .text.HAL_NVIC_EnableIRQ
                0x080029c6       0x1c ./Drivers/STM32F3xx_HAL_Driver/Src/stm32f3xx_hal_cortex.o
                0x080029c6                HAL_NVIC_EnableIRQ
 .text.HAL_SYSTICK_Config
                0x080029e2       0x18 ./Drivers/STM32F3xx_HAL_Driver/Src/stm32f3xx_hal_cortex.o
                0x080029e2                HAL_SYSTICK_Config
 *fill*         0x080029fa        0x2 
 .text.HAL_GPIO_Init
                0x080029fc      0x2e4 ./Drivers/STM32F3xx_HAL_Driver/Src/stm32f3xx_hal_gpio.o
                0x080029fc                HAL_GPIO_Init
 .text.HAL_HRTIM_Init
                0x08002ce0      0x198 ./Drivers/STM32F3xx_HAL_Driver/Src/stm32f3xx_hal_hrtim.o
                0x08002ce0                HAL_HRTIM_Init
 .text.HAL_HRTIM_DLLCalibrationStart
                0x08002e78       0xb0 ./Drivers/STM32F3xx_HAL_Driver/Src/stm32f3xx_hal_hrtim.o
                0x08002e78                HAL_HRTIM_DLLCalibrationStart
 .text.HAL_HRTIM_PollForDLLCalibration
                0x08002f28       0x68 ./Drivers/STM32F3xx_HAL_Driver/Src/stm32f3xx_hal_hrtim.o
                0x08002f28                HAL_HRTIM_PollForDLLCalibration
 .text.HAL_HRTIM_TimeBaseConfig
                0x08002f90       0x50 ./Drivers/STM32F3xx_HAL_Driver/Src/stm32f3xx_hal_hrtim.o
                0x08002f90                HAL_HRTIM_TimeBaseConfig
 .text.HAL_HRTIM_ADCTriggerConfig
                0x08002fe0      0x154 ./Drivers/STM32F3xx_HAL_Driver/Src/stm32f3xx_hal_hrtim.o
                0x08002fe0                HAL_HRTIM_ADCTriggerConfig
 .text.HAL_HRTIM_WaveformTimerConfig
                0x08003134       0xe4 ./Drivers/STM32F3xx_HAL_Driver/Src/stm32f3xx_hal_hrtim.o
                0x08003134                HAL_HRTIM_WaveformTimerConfig
 .text.HAL_HRTIM_DeadTimeConfig
                0x08003218      0x100 ./Drivers/STM32F3xx_HAL_Driver/Src/stm32f3xx_hal_hrtim.o
                0x08003218                HAL_HRTIM_DeadTimeConfig
 .text.HAL_HRTIM_WaveformCompareConfig
                0x08003318      0x2dc ./Drivers/STM32F3xx_HAL_Driver/Src/stm32f3xx_hal_hrtim.o
                0x08003318                HAL_HRTIM_WaveformCompareConfig
 .text.HAL_HRTIM_WaveformOutputConfig
                0x080035f4       0x62 ./Drivers/STM32F3xx_HAL_Driver/Src/stm32f3xx_hal_hrtim.o
                0x080035f4                HAL_HRTIM_WaveformOutputConfig
 .text.HAL_HRTIM_WaveformOutputStart
                0x08003656       0x5a ./Drivers/STM32F3xx_HAL_Driver/Src/stm32f3xx_hal_hrtim.o
                0x08003656                HAL_HRTIM_WaveformOutputStart
 .text.HAL_HRTIM_WaveformCountStart
                0x080036b0       0x56 ./Drivers/STM32F3xx_HAL_Driver/Src/stm32f3xx_hal_hrtim.o
                0x080036b0                HAL_HRTIM_WaveformCountStart
 .text.HRTIM_MasterBase_Config
                0x08003706       0x5e ./Drivers/STM32F3xx_HAL_Driver/Src/stm32f3xx_hal_hrtim.o
 .text.HRTIM_TimingUnitBase_Config
                0x08003764       0x80 ./Drivers/STM32F3xx_HAL_Driver/Src/stm32f3xx_hal_hrtim.o
 .text.HRTIM_MasterWaveform_Config
                0x080037e4       0xcc ./Drivers/STM32F3xx_HAL_Driver/Src/stm32f3xx_hal_hrtim.o
 .text.HRTIM_TimingUnitWaveform_Config
                0x080038b0      0x280 ./Drivers/STM32F3xx_HAL_Driver/Src/stm32f3xx_hal_hrtim.o
 .text.HRTIM_OutputConfig
                0x08003b30      0x1b0 ./Drivers/STM32F3xx_HAL_Driver/Src/stm32f3xx_hal_hrtim.o
 .text.HRTIM_ForceRegistersUpdate
                0x08003ce0       0xc4 ./Drivers/STM32F3xx_HAL_Driver/Src/stm32f3xx_hal_hrtim.o
 .text.HAL_RCC_OscConfig
                0x08003da4     0x101c ./Drivers/STM32F3xx_HAL_Driver/Src/stm32f3xx_hal_rcc.o
                0x08003da4                HAL_RCC_OscConfig
 .text.HAL_RCC_ClockConfig
                0x08004dc0      0x2dc ./Drivers/STM32F3xx_HAL_Driver/Src/stm32f3xx_hal_rcc.o
                0x08004dc0                HAL_RCC_ClockConfig
 .text.HAL_RCC_GetSysClockFreq
                0x0800509c       0xa8 ./Drivers/STM32F3xx_HAL_Driver/Src/stm32f3xx_hal_rcc.o
                0x0800509c                HAL_RCC_GetSysClockFreq
 .text.HAL_RCCEx_PeriphCLKConfig
                0x08005144      0x268 ./Drivers/STM32F3xx_HAL_Driver/Src/stm32f3xx_hal_rcc_ex.o
                0x08005144                HAL_RCCEx_PeriphCLKConfig
 .text.HAL_TIM_Base_Init
                0x080053ac       0xae ./Drivers/STM32F3xx_HAL_Driver/Src/stm32f3xx_hal_tim.o
                0x080053ac                HAL_TIM_Base_Init
 *fill*         0x0800545a        0x2 
 .text.HAL_TIM_Base_Start_IT
                0x0800545c       0xb8 ./Drivers/STM32F3xx_HAL_Driver/Src/stm32f3xx_hal_tim.o
                0x0800545c                HAL_TIM_Base_Start_IT
 .text.HAL_TIM_IRQHandler
                0x08005514      0x204 ./Drivers/STM32F3xx_HAL_Driver/Src/stm32f3xx_hal_tim.o
                0x08005514                HAL_TIM_IRQHandler
 .text.HAL_TIM_ConfigClockSource
                0x08005718      0x192 ./Drivers/STM32F3xx_HAL_Driver/Src/stm32f3xx_hal_tim.o
                0x08005718                HAL_TIM_ConfigClockSource
 .text.HAL_TIM_OC_DelayElapsedCallback
                0x080058aa       0x14 ./Drivers/STM32F3xx_HAL_Driver/Src/stm32f3xx_hal_tim.o
                0x080058aa                HAL_TIM_OC_DelayElapsedCallback
 .text.HAL_TIM_IC_CaptureCallback
                0x080058be       0x14 ./Drivers/STM32F3xx_HAL_Driver/Src/stm32f3xx_hal_tim.o
                0x080058be                HAL_TIM_IC_CaptureCallback
 .text.HAL_TIM_PWM_PulseFinishedCallback
                0x080058d2       0x14 ./Drivers/STM32F3xx_HAL_Driver/Src/stm32f3xx_hal_tim.o
                0x080058d2                HAL_TIM_PWM_PulseFinishedCallback
 .text.HAL_TIM_TriggerCallback
                0x080058e6       0x14 ./Drivers/STM32F3xx_HAL_Driver/Src/stm32f3xx_hal_tim.o
                0x080058e6                HAL_TIM_TriggerCallback
 *fill*         0x080058fa        0x2 
 .text.TIM_Base_SetConfig
                0x080058fc      0x108 ./Drivers/STM32F3xx_HAL_Driver/Src/stm32f3xx_hal_tim.o
                0x080058fc                TIM_Base_SetConfig
 .text.TIM_TI1_ConfigInputStage
                0x08005a04       0x5e ./Drivers/STM32F3xx_HAL_Driver/Src/stm32f3xx_hal_tim.o
 .text.TIM_TI2_ConfigInputStage
                0x08005a62       0x60 ./Drivers/STM32F3xx_HAL_Driver/Src/stm32f3xx_hal_tim.o
 .text.TIM_ITRx_SetConfig
                0x08005ac2       0x36 ./Drivers/STM32F3xx_HAL_Driver/Src/stm32f3xx_hal_tim.o
 .text.TIM_ETR_SetConfig
                0x08005af8       0x40 ./Drivers/STM32F3xx_HAL_Driver/Src/stm32f3xx_hal_tim.o
                0x08005af8                TIM_ETR_SetConfig
 .text.HAL_TIMEx_MasterConfigSynchronization
                0x08005b38       0xdc ./Drivers/STM32F3xx_HAL_Driver/Src/stm32f3xx_hal_tim_ex.o
                0x08005b38                HAL_TIMEx_MasterConfigSynchronization
 .text.HAL_TIMEx_CommutCallback
                0x08005c14       0x14 ./Drivers/STM32F3xx_HAL_Driver/Src/stm32f3xx_hal_tim_ex.o
                0x08005c14                HAL_TIMEx_CommutCallback
 .text.HAL_TIMEx_BreakCallback
                0x08005c28       0x14 ./Drivers/STM32F3xx_HAL_Driver/Src/stm32f3xx_hal_tim_ex.o
                0x08005c28                HAL_TIMEx_BreakCallback
 .text.HAL_TIMEx_Break2Callback
                0x08005c3c       0x14 ./Drivers/STM32F3xx_HAL_Driver/Src/stm32f3xx_hal_tim_ex.o
                0x08005c3c                HAL_TIMEx_Break2Callback
 .text.memset   0x08005c50       0x10 C:/ST/STM32CubeIDE_1.19.0/STM32CubeIDE/plugins/com.st.stm32cube.ide.mcu.externaltools.gnu-tools-for-stm32.13.3.rel1.win32_1.0.0.202411081344/tools/bin/../lib/gcc/arm-none-eabi/13.3.1/../../../../arm-none-eabi/lib/thumb/v7e-m+fp/hard\libc_nano.a(libc_a-memset.o)
                0x08005c50                memset
 .text.__libc_init_array
                0x08005c60       0x48 C:/ST/STM32CubeIDE_1.19.0/STM32CubeIDE/plugins/com.st.stm32cube.ide.mcu.externaltools.gnu-tools-for-stm32.13.3.rel1.win32_1.0.0.202411081344/tools/bin/../lib/gcc/arm-none-eabi/13.3.1/../../../../arm-none-eabi/lib/thumb/v7e-m+fp/hard\libc_nano.a(libc_a-init.o)
                0x08005c60                __libc_init_array
 *(.glue_7)
 .glue_7        0x08005ca8        0x0 linker stubs
 *(.glue_7t)
 .glue_7t       0x08005ca8        0x0 linker stubs
 *(.eh_frame)
 .eh_frame      0x08005ca8        0x0 C:/ST/STM32CubeIDE_1.19.0/STM32CubeIDE/plugins/com.st.stm32cube.ide.mcu.externaltools.gnu-tools-for-stm32.13.3.rel1.win32_1.0.0.202411081344/tools/bin/../lib/gcc/arm-none-eabi/13.3.1/thumb/v7e-m+fp/hard/crtbegin.o
 *(.init)
 .init          0x08005ca8        0x4 C:/ST/STM32CubeIDE_1.19.0/STM32CubeIDE/plugins/com.st.stm32cube.ide.mcu.externaltools.gnu-tools-for-stm32.13.3.rel1.win32_1.0.0.202411081344/tools/bin/../lib/gcc/arm-none-eabi/13.3.1/thumb/v7e-m+fp/hard/crti.o
                0x08005ca8                _init
 .init          0x08005cac        0x8 C:/ST/STM32CubeIDE_1.19.0/STM32CubeIDE/plugins/com.st.stm32cube.ide.mcu.externaltools.gnu-tools-for-stm32.13.3.rel1.win32_1.0.0.202411081344/tools/bin/../lib/gcc/arm-none-eabi/13.3.1/thumb/v7e-m+fp/hard/crtn.o
 *(.fini)
 .fini          0x08005cb4        0x4 C:/ST/STM32CubeIDE_1.19.0/STM32CubeIDE/plugins/com.st.stm32cube.ide.mcu.externaltools.gnu-tools-for-stm32.13.3.rel1.win32_1.0.0.202411081344/tools/bin/../lib/gcc/arm-none-eabi/13.3.1/thumb/v7e-m+fp/hard/crti.o
                0x08005cb4                _fini
 .fini          0x08005cb8        0x8 C:/ST/STM32CubeIDE_1.19.0/STM32CubeIDE/plugins/com.st.stm32cube.ide.mcu.externaltools.gnu-tools-for-stm32.13.3.rel1.win32_1.0.0.202411081344/tools/bin/../lib/gcc/arm-none-eabi/13.3.1/thumb/v7e-m+fp/hard/crtn.o
                0x08005cc0                        . = ALIGN (0x4)
                0x08005cc0                        _etext = .

.vfp11_veneer   0x08005cc0        0x0
 .vfp11_veneer  0x08005cc0        0x0 linker stubs

.v4_bx          0x08005cc0        0x0
 .v4_bx         0x08005cc0        0x0 linker stubs

.iplt           0x08005cc0        0x0
 .iplt          0x08005cc0        0x0 C:/ST/STM32CubeIDE_1.19.0/STM32CubeIDE/plugins/com.st.stm32cube.ide.mcu.externaltools.gnu-tools-for-stm32.13.3.rel1.win32_1.0.0.202411081344/tools/bin/../lib/gcc/arm-none-eabi/13.3.1/thumb/v7e-m+fp/hard/crtbegin.o

.rodata         0x08005cc0       0x30
                0x08005cc0                        . = ALIGN (0x4)
 *(.rodata)
 *(.rodata*)
 .rodata.AHBPrescTable
                0x08005cc0       0x10 ./Core/Src/system_stm32f3xx.o
                0x08005cc0                AHBPrescTable
 .rodata.aPLLMULFactorTable
                0x08005cd0       0x10 ./Drivers/STM32F3xx_HAL_Driver/Src/stm32f3xx_hal_rcc.o
 .rodata.aPredivFactorTable
                0x08005ce0       0x10 ./Drivers/STM32F3xx_HAL_Driver/Src/stm32f3xx_hal_rcc.o
                0x08005cf0                        . = ALIGN (0x4)

.ARM.extab      0x08005cf0        0x0
                0x08005cf0                        . = ALIGN (0x4)
 *(.ARM.extab* .gnu.linkonce.armextab.*)
                0x08005cf0                        . = ALIGN (0x4)

.ARM            0x08005cf0        0x0
                0x08005cf0                        . = ALIGN (0x4)
                0x08005cf0                        __exidx_start = .
 *(.ARM.exidx*)
                0x08005cf0                        __exidx_end = .
                0x08005cf0                        . = ALIGN (0x4)

.preinit_array  0x08005cf0        0x0
                0x08005cf0                        . = ALIGN (0x4)
                0x08005cf0                        PROVIDE (__preinit_array_start = .)
 *(.preinit_array*)
                0x08005cf0                        PROVIDE (__preinit_array_end = .)
                0x08005cf0                        . = ALIGN (0x4)

.init_array     0x08005cf0        0x4
                0x08005cf0                        . = ALIGN (0x4)
                0x08005cf0                        PROVIDE (__init_array_start = .)
 *(SORT_BY_NAME(.init_array.*))
 *(.init_array*)
 .init_array    0x08005cf0        0x4 C:/ST/STM32CubeIDE_1.19.0/STM32CubeIDE/plugins/com.st.stm32cube.ide.mcu.externaltools.gnu-tools-for-stm32.13.3.rel1.win32_1.0.0.202411081344/tools/bin/../lib/gcc/arm-none-eabi/13.3.1/thumb/v7e-m+fp/hard/crtbegin.o
                0x08005cf4                        PROVIDE (__init_array_end = .)
                0x08005cf4                        . = ALIGN (0x4)

.fini_array     0x08005cf4        0x4
                0x08005cf4                        . = ALIGN (0x4)
                [!provide]                        PROVIDE (__fini_array_start = .)
 *(SORT_BY_NAME(.fini_array.*))
 *(.fini_array*)
 .fini_array    0x08005cf4        0x4 C:/ST/STM32CubeIDE_1.19.0/STM32CubeIDE/plugins/com.st.stm32cube.ide.mcu.externaltools.gnu-tools-for-stm32.13.3.rel1.win32_1.0.0.202411081344/tools/bin/../lib/gcc/arm-none-eabi/13.3.1/thumb/v7e-m+fp/hard/crtbegin.o
                [!provide]                        PROVIDE (__fini_array_end = .)
                0x08005cf8                        . = ALIGN (0x4)
                0x08005cf8                        _sidata = LOADADDR (.data)

.rel.dyn        0x08005cf8        0x0
 .rel.iplt      0x08005cf8        0x0 C:/ST/STM32CubeIDE_1.19.0/STM32CubeIDE/plugins/com.st.stm32cube.ide.mcu.externaltools.gnu-tools-for-stm32.13.3.rel1.win32_1.0.0.202411081344/tools/bin/../lib/gcc/arm-none-eabi/13.3.1/thumb/v7e-m+fp/hard/crtbegin.o

.data           0x20000000       0x3c load address 0x08005cf8
                0x20000000                        . = ALIGN (0x4)
                0x20000000                        _sdata = .
 *(.data)
 *(.data*)
 .data.new_duty_cycle_value
                0x20000000        0x4 ./Core/Src/main.o
                0x20000000                new_duty_cycle_value
 .data.i_out_offset
                0x20000004        0x4 ./Core/Src/main.o
                0x20000004                i_out_offset
 .data.pi_current
                0x20000008       0x14 ./Core/Src/main.o
                0x20000008                pi_current
 .data.pi_voltage
                0x2000001c       0x14 ./Core/Src/main.o
                0x2000001c                pi_voltage
 .data.SystemCoreClock
                0x20000030        0x4 ./Core/Src/system_stm32f3xx.o
                0x20000030                SystemCoreClock
 .data.uwTickPrio
                0x20000034        0x4 ./Drivers/STM32F3xx_HAL_Driver/Src/stm32f3xx_hal.o
                0x20000034                uwTickPrio
 .data.uwTickFreq
                0x20000038        0x1 ./Drivers/STM32F3xx_HAL_Driver/Src/stm32f3xx_hal.o
                0x20000038                uwTickFreq
 *(.RamFunc)
 *(.RamFunc*)
                0x2000003c                        . = ALIGN (0x4)
 *fill*         0x20000039        0x3 
                0x2000003c                        _edata = .
                0x08005d34                        _siccmram = LOADADDR (.ccmram)

.igot.plt       0x2000003c        0x0 load address 0x08005d34
 .igot.plt      0x2000003c        0x0 C:/ST/STM32CubeIDE_1.19.0/STM32CubeIDE/plugins/com.st.stm32cube.ide.mcu.externaltools.gnu-tools-for-stm32.13.3.rel1.win32_1.0.0.202411081344/tools/bin/../lib/gcc/arm-none-eabi/13.3.1/thumb/v7e-m+fp/hard/crtbegin.o

.ccmram         0x10000000        0x0 load address 0x08005d34
                0x10000000                        . = ALIGN (0x4)
                0x10000000                        _sccmram = .
 *(.ccmram)
 *(.ccmram*)
                0x10000000                        . = ALIGN (0x4)
                0x10000000                        _eccmram = .
                0x10000000                        . = ALIGN (0x4)

.bss            0x2000003c      0x1b4
                0x2000003c                        _sbss = .
                0x2000003c                        __bss_start__ = _sbss
 *(.bss)
 .bss           0x2000003c       0x1c C:/ST/STM32CubeIDE_1.19.0/STM32CubeIDE/plugins/com.st.stm32cube.ide.mcu.externaltools.gnu-tools-for-stm32.13.3.rel1.win32_1.0.0.202411081344/tools/bin/../lib/gcc/arm-none-eabi/13.3.1/thumb/v7e-m+fp/hard/crtbegin.o
 *(.bss*)
 .bss.hadc1     0x20000058       0x50 ./Core/Src/main.o
                0x20000058                hadc1
 .bss.hhrtim1   0x200000a8       0xdc ./Core/Src/main.o
                0x200000a8                hhrtim1
 .bss.htim1     0x20000184       0x4c ./Core/Src/main.o
                0x20000184                htim1
 .bss.adc_adj   0x200001d0        0x2 ./Core/Src/main.o
                0x200001d0                adc_adj
 .bss.adc_vin   0x200001d2        0x2 ./Core/Src/main.o
                0x200001d2                adc_vin
 .bss.adc_vo    0x200001d4        0x2 ./Core/Src/main.o
                0x200001d4                adc_vo
 .bss.adc_io    0x200001d6        0x2 ./Core/Src/main.o
                0x200001d6                adc_io
 .bss.v_in      0x200001d8        0x4 ./Core/Src/main.o
                0x200001d8                v_in
 .bss.v_out     0x200001dc        0x4 ./Core/Src/main.o
                0x200001dc                v_out
 .bss.i_out     0x200001e0        0x4 ./Core/Src/main.o
                0x200001e0                i_out
 .bss.target_current
                0x200001e4        0x4 ./Core/Src/main.o
                0x200001e4                target_current
 .bss.target_voltage
                0x200001e8        0x4 ./Core/Src/main.o
                0x200001e8                target_voltage
 .bss.uwTick    0x200001ec        0x4 ./Drivers/STM32F3xx_HAL_Driver/Src/stm32f3xx_hal.o
                0x200001ec                uwTick
 *(COMMON)
                0x200001f0                        . = ALIGN (0x4)
                0x200001f0                        _ebss = .
                0x200001f0                        __bss_end__ = _ebss

._user_heap_stack
                0x200001f0      0x600
                0x200001f0                        . = ALIGN (0x8)
                [!provide]                        PROVIDE (end = .)
                0x200001f0                        PROVIDE (_end = .)
                0x200003f0                        . = (. + _Min_Heap_Size)
 *fill*         0x200001f0      0x200 
                0x200007f0                        . = (. + _Min_Stack_Size)
 *fill*         0x200003f0      0x400 
                0x200007f0                        . = ALIGN (0x8)

/DISCARD/
 libc.a(*)
 libm.a(*)
 libgcc.a(*)

.ARM.attributes
                0x00000000       0x30
 *(.ARM.attributes)
 .ARM.attributes
                0x00000000       0x22 C:/ST/STM32CubeIDE_1.19.0/STM32CubeIDE/plugins/com.st.stm32cube.ide.mcu.externaltools.gnu-tools-for-stm32.13.3.rel1.win32_1.0.0.202411081344/tools/bin/../lib/gcc/arm-none-eabi/13.3.1/thumb/v7e-m+fp/hard/crti.o
 .ARM.attributes
                0x00000022       0x34 C:/ST/STM32CubeIDE_1.19.0/STM32CubeIDE/plugins/com.st.stm32cube.ide.mcu.externaltools.gnu-tools-for-stm32.13.3.rel1.win32_1.0.0.202411081344/tools/bin/../lib/gcc/arm-none-eabi/13.3.1/thumb/v7e-m+fp/hard/crtbegin.o
 .ARM.attributes
                0x00000056       0x34 ./Core/Src/main.o
 .ARM.attributes
                0x0000008a       0x34 ./Core/Src/stm32f3xx_hal_msp.o
 .ARM.attributes
                0x000000be       0x34 ./Core/Src/stm32f3xx_it.o
 .ARM.attributes
                0x000000f2       0x34 ./Core/Src/system_stm32f3xx.o
 .ARM.attributes
                0x00000126       0x21 ./Core/Startup/startup_stm32f334c8tx.o
 .ARM.attributes
                0x00000147       0x34 ./Drivers/STM32F3xx_HAL_Driver/Src/stm32f3xx_hal.o
 .ARM.attributes
                0x0000017b       0x34 ./Drivers/STM32F3xx_HAL_Driver/Src/stm32f3xx_hal_adc.o
 .ARM.attributes
                0x000001af       0x34 ./Drivers/STM32F3xx_HAL_Driver/Src/stm32f3xx_hal_adc_ex.o
 .ARM.attributes
                0x000001e3       0x34 ./Drivers/STM32F3xx_HAL_Driver/Src/stm32f3xx_hal_cortex.o
 .ARM.attributes
                0x00000217       0x34 ./Drivers/STM32F3xx_HAL_Driver/Src/stm32f3xx_hal_gpio.o
 .ARM.attributes
                0x0000024b       0x34 ./Drivers/STM32F3xx_HAL_Driver/Src/stm32f3xx_hal_hrtim.o
 .ARM.attributes
                0x0000027f       0x34 ./Drivers/STM32F3xx_HAL_Driver/Src/stm32f3xx_hal_rcc.o
 .ARM.attributes
                0x000002b3       0x34 ./Drivers/STM32F3xx_HAL_Driver/Src/stm32f3xx_hal_rcc_ex.o
 .ARM.attributes
                0x000002e7       0x34 ./Drivers/STM32F3xx_HAL_Driver/Src/stm32f3xx_hal_tim.o
 .ARM.attributes
                0x0000031b       0x34 ./Drivers/STM32F3xx_HAL_Driver/Src/stm32f3xx_hal_tim_ex.o
 .ARM.attributes
                0x0000034f       0x34 C:/ST/STM32CubeIDE_1.19.0/STM32CubeIDE/plugins/com.st.stm32cube.ide.mcu.externaltools.gnu-tools-for-stm32.13.3.rel1.win32_1.0.0.202411081344/tools/bin/../lib/gcc/arm-none-eabi/13.3.1/../../../../arm-none-eabi/lib/thumb/v7e-m+fp/hard\libc_nano.a(libc_a-memset.o)
 .ARM.attributes
                0x00000383       0x34 C:/ST/STM32CubeIDE_1.19.0/STM32CubeIDE/plugins/com.st.stm32cube.ide.mcu.externaltools.gnu-tools-for-stm32.13.3.rel1.win32_1.0.0.202411081344/tools/bin/../lib/gcc/arm-none-eabi/13.3.1/../../../../arm-none-eabi/lib/thumb/v7e-m+fp/hard\libc_nano.a(libc_a-init.o)
 .ARM.attributes
                0x000003b7       0x22 C:/ST/STM32CubeIDE_1.19.0/STM32CubeIDE/plugins/com.st.stm32cube.ide.mcu.externaltools.gnu-tools-for-stm32.13.3.rel1.win32_1.0.0.202411081344/tools/bin/../lib/gcc/arm-none-eabi/13.3.1/thumb/v7e-m+fp/hard\libgcc.a(_arm_muldf3.o)
 .ARM.attributes
                0x000003d9       0x22 C:/ST/STM32CubeIDE_1.19.0/STM32CubeIDE/plugins/com.st.stm32cube.ide.mcu.externaltools.gnu-tools-for-stm32.13.3.rel1.win32_1.0.0.202411081344/tools/bin/../lib/gcc/arm-none-eabi/13.3.1/thumb/v7e-m+fp/hard\libgcc.a(_arm_addsubdf3.o)
 .ARM.attributes
                0x000003fb       0x22 C:/ST/STM32CubeIDE_1.19.0/STM32CubeIDE/plugins/com.st.stm32cube.ide.mcu.externaltools.gnu-tools-for-stm32.13.3.rel1.win32_1.0.0.202411081344/tools/bin/../lib/gcc/arm-none-eabi/13.3.1/thumb/v7e-m+fp/hard\libgcc.a(_arm_truncdfsf2.o)
 .ARM.attributes
                0x0000041d       0x22 C:/ST/STM32CubeIDE_1.19.0/STM32CubeIDE/plugins/com.st.stm32cube.ide.mcu.externaltools.gnu-tools-for-stm32.13.3.rel1.win32_1.0.0.202411081344/tools/bin/../lib/gcc/arm-none-eabi/13.3.1/thumb/v7e-m+fp/hard/crtn.o
OUTPUT(f334_buckconv.elf elf32-littlearm)
LOAD linker stubs
LOAD C:/ST/STM32CubeIDE_1.19.0/STM32CubeIDE/plugins/com.st.stm32cube.ide.mcu.externaltools.gnu-tools-for-stm32.13.3.rel1.win32_1.0.0.202411081344/tools/bin/../lib/gcc/arm-none-eabi/13.3.1/../../../../arm-none-eabi/lib/thumb/v7e-m+fp/hard\libc.a
LOAD C:/ST/STM32CubeIDE_1.19.0/STM32CubeIDE/plugins/com.st.stm32cube.ide.mcu.externaltools.gnu-tools-for-stm32.13.3.rel1.win32_1.0.0.202411081344/tools/bin/../lib/gcc/arm-none-eabi/13.3.1/../../../../arm-none-eabi/lib/thumb/v7e-m+fp/hard\libm.a
LOAD C:/ST/STM32CubeIDE_1.19.0/STM32CubeIDE/plugins/com.st.stm32cube.ide.mcu.externaltools.gnu-tools-for-stm32.13.3.rel1.win32_1.0.0.202411081344/tools/bin/../lib/gcc/arm-none-eabi/13.3.1/thumb/v7e-m+fp/hard\libgcc.a

.debug_info     0x00000000    0x10b79
 .debug_info    0x00000000     0x1e8e ./Core/Src/main.o
 .debug_info    0x00001e8e     0x15ee ./Core/Src/stm32f3xx_hal_msp.o
 .debug_info    0x0000347c      0xaa6 ./Core/Src/stm32f3xx_it.o
 .debug_info    0x00003f22      0x407 ./Core/Src/system_stm32f3xx.o
 .debug_info    0x00004329       0x30 ./Core/Startup/startup_stm32f334c8tx.o
 .debug_info    0x00004359      0x774 ./Drivers/STM32F3xx_HAL_Driver/Src/stm32f3xx_hal.o
 .debug_info    0x00004acd      0xb32 ./Drivers/STM32F3xx_HAL_Driver/Src/stm32f3xx_hal_adc.o
 .debug_info    0x000055ff     0x15b2 ./Drivers/STM32F3xx_HAL_Driver/Src/stm32f3xx_hal_adc_ex.o
 .debug_info    0x00006bb1      0xab1 ./Drivers/STM32F3xx_HAL_Driver/Src/stm32f3xx_hal_cortex.o
 .debug_info    0x00007662      0x6a6 ./Drivers/STM32F3xx_HAL_Driver/Src/stm32f3xx_hal_gpio.o
 .debug_info    0x00007d08     0x34ce ./Drivers/STM32F3xx_HAL_Driver/Src/stm32f3xx_hal_hrtim.o
 .debug_info    0x0000b1d6     0x148a ./Drivers/STM32F3xx_HAL_Driver/Src/stm32f3xx_hal_rcc.o
 .debug_info    0x0000c660      0x53c ./Drivers/STM32F3xx_HAL_Driver/Src/stm32f3xx_hal_rcc_ex.o
 .debug_info    0x0000cb9c     0x2a70 ./Drivers/STM32F3xx_HAL_Driver/Src/stm32f3xx_hal_tim.o
 .debug_info    0x0000f60c     0x156d ./Drivers/STM32F3xx_HAL_Driver/Src/stm32f3xx_hal_tim_ex.o

.debug_abbrev   0x00000000     0x1f7a
 .debug_abbrev  0x00000000      0x2db ./Core/Src/main.o
 .debug_abbrev  0x000002db      0x228 ./Core/Src/stm32f3xx_hal_msp.o
 .debug_abbrev  0x00000503      0x1bc ./Core/Src/stm32f3xx_it.o
 .debug_abbrev  0x000006bf      0x11a ./Core/Src/system_stm32f3xx.o
 .debug_abbrev  0x000007d9       0x24 ./Core/Startup/startup_stm32f334c8tx.o
 .debug_abbrev  0x000007fd      0x215 ./Drivers/STM32F3xx_HAL_Driver/Src/stm32f3xx_hal.o
 .debug_abbrev  0x00000a12      0x186 ./Drivers/STM32F3xx_HAL_Driver/Src/stm32f3xx_hal_adc.o
 .debug_abbrev  0x00000b98      0x28e ./Drivers/STM32F3xx_HAL_Driver/Src/stm32f3xx_hal_adc_ex.o
 .debug_abbrev  0x00000e26      0x2f8 ./Drivers/STM32F3xx_HAL_Driver/Src/stm32f3xx_hal_cortex.o
 .debug_abbrev  0x0000111e      0x1ca ./Drivers/STM32F3xx_HAL_Driver/Src/stm32f3xx_hal_gpio.o
 .debug_abbrev  0x000012e8      0x276 ./Drivers/STM32F3xx_HAL_Driver/Src/stm32f3xx_hal_hrtim.o
 .debug_abbrev  0x0000155e      0x300 ./Drivers/STM32F3xx_HAL_Driver/Src/stm32f3xx_hal_rcc.o
 .debug_abbrev  0x0000185e      0x221 ./Drivers/STM32F3xx_HAL_Driver/Src/stm32f3xx_hal_rcc_ex.o
 .debug_abbrev  0x00001a7f      0x278 ./Drivers/STM32F3xx_HAL_Driver/Src/stm32f3xx_hal_tim.o
 .debug_abbrev  0x00001cf7      0x283 ./Drivers/STM32F3xx_HAL_Driver/Src/stm32f3xx_hal_tim_ex.o

.debug_aranges  0x00000000     0x1008
 .debug_aranges
                0x00000000       0x68 ./Core/Src/main.o
 .debug_aranges
                0x00000068       0x58 ./Core/Src/stm32f3xx_hal_msp.o
 .debug_aranges
                0x000000c0       0x70 ./Core/Src/stm32f3xx_it.o
 .debug_aranges
                0x00000130       0x28 ./Core/Src/system_stm32f3xx.o
 .debug_aranges
                0x00000158       0x28 ./Core/Startup/startup_stm32f334c8tx.o
 .debug_aranges
                0x00000180       0xe0 ./Drivers/STM32F3xx_HAL_Driver/Src/stm32f3xx_hal.o
 .debug_aranges
                0x00000260       0xc8 ./Drivers/STM32F3xx_HAL_Driver/Src/stm32f3xx_hal_adc.o
 .debug_aranges
                0x00000328      0x168 ./Drivers/STM32F3xx_HAL_Driver/Src/stm32f3xx_hal_adc_ex.o
 .debug_aranges
                0x00000490      0x100 ./Drivers/STM32F3xx_HAL_Driver/Src/stm32f3xx_hal_cortex.o
 .debug_aranges
                0x00000590       0x58 ./Drivers/STM32F3xx_HAL_Driver/Src/stm32f3xx_hal_gpio.o
 .debug_aranges
                0x000005e8      0x408 ./Drivers/STM32F3xx_HAL_Driver/Src/stm32f3xx_hal_hrtim.o
 .debug_aranges
                0x000009f0       0x88 ./Drivers/STM32F3xx_HAL_Driver/Src/stm32f3xx_hal_rcc.o
 .debug_aranges
                0x00000a78       0x38 ./Drivers/STM32F3xx_HAL_Driver/Src/stm32f3xx_hal_rcc_ex.o
 .debug_aranges
                0x00000ab0      0x3e0 ./Drivers/STM32F3xx_HAL_Driver/Src/stm32f3xx_hal_tim.o
 .debug_aranges
                0x00000e90      0x178 ./Drivers/STM32F3xx_HAL_Driver/Src/stm32f3xx_hal_tim_ex.o

.debug_rnglists
                0x00000000      0xc90
 .debug_rnglists
                0x00000000       0x4f ./Core/Src/main.o
 .debug_rnglists
                0x0000004f       0x3e ./Core/Src/stm32f3xx_hal_msp.o
 .debug_rnglists
                0x0000008d       0x4f ./Core/Src/stm32f3xx_it.o
 .debug_rnglists
                0x000000dc       0x1a ./Core/Src/system_stm32f3xx.o
 .debug_rnglists
                0x000000f6       0x19 ./Core/Startup/startup_stm32f334c8tx.o
 .debug_rnglists
                0x0000010f       0xa3 ./Drivers/STM32F3xx_HAL_Driver/Src/stm32f3xx_hal.o
 .debug_rnglists
                0x000001b2       0x91 ./Drivers/STM32F3xx_HAL_Driver/Src/stm32f3xx_hal_adc.o
 .debug_rnglists
                0x00000243      0x126 ./Drivers/STM32F3xx_HAL_Driver/Src/stm32f3xx_hal_adc_ex.o
 .debug_rnglists
                0x00000369       0xbb ./Drivers/STM32F3xx_HAL_Driver/Src/stm32f3xx_hal_cortex.o
 .debug_rnglists
                0x00000424       0x3f ./Drivers/STM32F3xx_HAL_Driver/Src/stm32f3xx_hal_gpio.o
 .debug_rnglists
                0x00000463      0x346 ./Drivers/STM32F3xx_HAL_Driver/Src/stm32f3xx_hal_hrtim.o
 .debug_rnglists
                0x000007a9       0x66 ./Drivers/STM32F3xx_HAL_Driver/Src/stm32f3xx_hal_rcc.o
 .debug_rnglists
                0x0000080f       0x28 ./Drivers/STM32F3xx_HAL_Driver/Src/stm32f3xx_hal_rcc_ex.o
 .debug_rnglists
                0x00000837      0x328 ./Drivers/STM32F3xx_HAL_Driver/Src/stm32f3xx_hal_tim.o
 .debug_rnglists
                0x00000b5f      0x131 ./Drivers/STM32F3xx_HAL_Driver/Src/stm32f3xx_hal_tim_ex.o

.debug_macro    0x00000000    0x21297
 .debug_macro   0x00000000      0x1fd ./Core/Src/main.o
 .debug_macro   0x000001fd      0xad8 ./Core/Src/main.o
 .debug_macro   0x00000cd5      0x164 ./Core/Src/main.o
 .debug_macro   0x00000e39       0x2e ./Core/Src/main.o
 .debug_macro   0x00000e67       0x28 ./Core/Src/main.o
 .debug_macro   0x00000e8f       0x22 ./Core/Src/main.o
 .debug_macro   0x00000eb1       0x8e ./Core/Src/main.o
 .debug_macro   0x00000f3f       0x51 ./Core/Src/main.o
 .debug_macro   0x00000f90      0x103 ./Core/Src/main.o
 .debug_macro   0x00001093       0x6a ./Core/Src/main.o
 .debug_macro   0x000010fd      0x1df ./Core/Src/main.o
 .debug_macro   0x000012dc       0x1c ./Core/Src/main.o
 .debug_macro   0x000012f8       0x22 ./Core/Src/main.o
 .debug_macro   0x0000131a       0xd9 ./Core/Src/main.o
 .debug_macro   0x000013f3      0xf07 ./Core/Src/main.o
 .debug_macro   0x000022fa    0x1585b ./Core/Src/main.o
 .debug_macro   0x00017b55       0x6d ./Core/Src/main.o
 .debug_macro   0x00017bc2     0x3574 ./Core/Src/main.o
 .debug_macro   0x0001b136      0x190 ./Core/Src/main.o
 .debug_macro   0x0001b2c6       0x55 ./Core/Src/main.o
 .debug_macro   0x0001b31b      0x8f8 ./Core/Src/main.o
 .debug_macro   0x0001bc13      0x358 ./Core/Src/main.o
 .debug_macro   0x0001bf6b      0x1b5 ./Core/Src/main.o
 .debug_macro   0x0001c120      0x130 ./Core/Src/main.o
 .debug_macro   0x0001c250      0x1d5 ./Core/Src/main.o
 .debug_macro   0x0001c425      0x1bc ./Core/Src/main.o
 .debug_macro   0x0001c5e1       0x34 ./Core/Src/main.o
 .debug_macro   0x0001c615       0x3c ./Core/Src/main.o
 .debug_macro   0x0001c651       0x57 ./Core/Src/main.o
 .debug_macro   0x0001c6a8      0x845 ./Core/Src/main.o
 .debug_macro   0x0001ceed       0x77 ./Core/Src/main.o
 .debug_macro   0x0001cf64       0xc5 ./Core/Src/main.o
 .debug_macro   0x0001d029      0x19f ./Core/Src/main.o
 .debug_macro   0x0001d1c8     0x166e ./Core/Src/main.o
 .debug_macro   0x0001e836      0x22c ./Core/Src/main.o
 .debug_macro   0x0001ea62       0x5b ./Core/Src/main.o
 .debug_macro   0x0001eabd       0xa5 ./Core/Src/main.o
 .debug_macro   0x0001eb62       0x81 ./Core/Src/main.o
 .debug_macro   0x0001ebe3       0xd3 ./Core/Src/main.o
 .debug_macro   0x0001ecb6      0xa60 ./Core/Src/main.o
 .debug_macro   0x0001f716       0x59 ./Core/Src/main.o
 .debug_macro   0x0001f76f      0x2a1 ./Core/Src/main.o
 .debug_macro   0x0001fa10      0x1df ./Core/Src/stm32f3xx_hal_msp.o
 .debug_macro   0x0001fbef      0x1e9 ./Core/Src/stm32f3xx_it.o
 .debug_macro   0x0001fdd8      0x1d5 ./Core/Src/system_stm32f3xx.o
 .debug_macro   0x0001ffad      0x1f9 ./Drivers/STM32F3xx_HAL_Driver/Src/stm32f3xx_hal.o
 .debug_macro   0x000201a6      0x1d6 ./Drivers/STM32F3xx_HAL_Driver/Src/stm32f3xx_hal_adc.o
 .debug_macro   0x0002037c      0x1ff ./Drivers/STM32F3xx_HAL_Driver/Src/stm32f3xx_hal_adc_ex.o
 .debug_macro   0x0002057b      0x1d5 ./Drivers/STM32F3xx_HAL_Driver/Src/stm32f3xx_hal_cortex.o
 .debug_macro   0x00020750      0x1dc ./Drivers/STM32F3xx_HAL_Driver/Src/stm32f3xx_hal_gpio.o
 .debug_macro   0x0002092c      0x1f2 ./Drivers/STM32F3xx_HAL_Driver/Src/stm32f3xx_hal_hrtim.o
 .debug_macro   0x00020b1e      0x1f9 ./Drivers/STM32F3xx_HAL_Driver/Src/stm32f3xx_hal_rcc.o
 .debug_macro   0x00020d17      0x1d5 ./Drivers/STM32F3xx_HAL_Driver/Src/stm32f3xx_hal_rcc_ex.o
 .debug_macro   0x00020eec      0x1d6 ./Drivers/STM32F3xx_HAL_Driver/Src/stm32f3xx_hal_tim.o
 .debug_macro   0x000210c2      0x1d5 ./Drivers/STM32F3xx_HAL_Driver/Src/stm32f3xx_hal_tim_ex.o

.debug_line     0x00000000    0x1212b
 .debug_line    0x00000000      0xbd9 ./Core/Src/main.o
 .debug_line    0x00000bd9      0x866 ./Core/Src/stm32f3xx_hal_msp.o
 .debug_line    0x0000143f      0x858 ./Core/Src/stm32f3xx_it.o
 .debug_line    0x00001c97      0x7f3 ./Core/Src/system_stm32f3xx.o
 .debug_line    0x0000248a       0x7a ./Core/Startup/startup_stm32f334c8tx.o
 .debug_line    0x00002504      0xa2f ./Drivers/STM32F3xx_HAL_Driver/Src/stm32f3xx_hal.o
 .debug_line    0x00002f33      0x969 ./Drivers/STM32F3xx_HAL_Driver/Src/stm32f3xx_hal_adc.o
 .debug_line    0x0000389c     0x1fd8 ./Drivers/STM32F3xx_HAL_Driver/Src/stm32f3xx_hal_adc_ex.o
 .debug_line    0x00005874      0xbf3 ./Drivers/STM32F3xx_HAL_Driver/Src/stm32f3xx_hal_cortex.o
 .debug_line    0x00006467      0xb66 ./Drivers/STM32F3xx_HAL_Driver/Src/stm32f3xx_hal_gpio.o
 .debug_line    0x00006fcd     0x39ad ./Drivers/STM32F3xx_HAL_Driver/Src/stm32f3xx_hal_hrtim.o
 .debug_line    0x0000a97a     0x158e ./Drivers/STM32F3xx_HAL_Driver/Src/stm32f3xx_hal_rcc.o
 .debug_line    0x0000bf08      0xb3b ./Drivers/STM32F3xx_HAL_Driver/Src/stm32f3xx_hal_rcc_ex.o
 .debug_line    0x0000ca43     0x3cfa ./Drivers/STM32F3xx_HAL_Driver/Src/stm32f3xx_hal_tim.o
 .debug_line    0x0001073d     0x19ee ./Drivers/STM32F3xx_HAL_Driver/Src/stm32f3xx_hal_tim_ex.o

.debug_str      0x00000000    0xd6c0c
 .debug_str     0x00000000    0xd6c0c ./Core/Src/main.o
                              0xd31cc (size before relaxing)
 .debug_str     0x000d6c0c    0xd2b08 ./Core/Src/stm32f3xx_hal_msp.o
 .debug_str     0x000d6c0c    0xd22ed ./Core/Src/stm32f3xx_it.o
 .debug_str     0x000d6c0c    0xd1bb1 ./Core/Src/system_stm32f3xx.o
 .debug_str     0x000d6c0c       0x76 ./Core/Startup/startup_stm32f334c8tx.o
 .debug_str     0x000d6c0c    0xd2319 ./Drivers/STM32F3xx_HAL_Driver/Src/stm32f3xx_hal.o
 .debug_str     0x000d6c0c    0xd219e ./Drivers/STM32F3xx_HAL_Driver/Src/stm32f3xx_hal_adc.o
 .debug_str     0x000d6c0c    0xd28b7 ./Drivers/STM32F3xx_HAL_Driver/Src/stm32f3xx_hal_adc_ex.o
 .debug_str     0x000d6c0c    0xd223e ./Drivers/STM32F3xx_HAL_Driver/Src/stm32f3xx_hal_cortex.o
 .debug_str     0x000d6c0c    0xd1d90 ./Drivers/STM32F3xx_HAL_Driver/Src/stm32f3xx_hal_gpio.o
 .debug_str     0x000d6c0c    0xd39f7 ./Drivers/STM32F3xx_HAL_Driver/Src/stm32f3xx_hal_hrtim.o
 .debug_str     0x000d6c0c    0xd2051 ./Drivers/STM32F3xx_HAL_Driver/Src/stm32f3xx_hal_rcc.o
 .debug_str     0x000d6c0c    0xd1d65 ./Drivers/STM32F3xx_HAL_Driver/Src/stm32f3xx_hal_rcc_ex.o
 .debug_str     0x000d6c0c    0xd2fe8 ./Drivers/STM32F3xx_HAL_Driver/Src/stm32f3xx_hal_tim.o
 .debug_str     0x000d6c0c    0xd282e ./Drivers/STM32F3xx_HAL_Driver/Src/stm32f3xx_hal_tim_ex.o

.comment        0x00000000       0x43
 .comment       0x00000000       0x43 ./Core/Src/main.o
                                 0x44 (size before relaxing)
 .comment       0x00000043       0x44 ./Core/Src/stm32f3xx_hal_msp.o
 .comment       0x00000043       0x44 ./Core/Src/stm32f3xx_it.o
 .comment       0x00000043       0x44 ./Core/Src/system_stm32f3xx.o
 .comment       0x00000043       0x44 ./Drivers/STM32F3xx_HAL_Driver/Src/stm32f3xx_hal.o
 .comment       0x00000043       0x44 ./Drivers/STM32F3xx_HAL_Driver/Src/stm32f3xx_hal_adc.o
 .comment       0x00000043       0x44 ./Drivers/STM32F3xx_HAL_Driver/Src/stm32f3xx_hal_adc_ex.o
 .comment       0x00000043       0x44 ./Drivers/STM32F3xx_HAL_Driver/Src/stm32f3xx_hal_cortex.o
 .comment       0x00000043       0x44 ./Drivers/STM32F3xx_HAL_Driver/Src/stm32f3xx_hal_gpio.o
 .comment       0x00000043       0x44 ./Drivers/STM32F3xx_HAL_Driver/Src/stm32f3xx_hal_hrtim.o
 .comment       0x00000043       0x44 ./Drivers/STM32F3xx_HAL_Driver/Src/stm32f3xx_hal_rcc.o
 .comment       0x00000043       0x44 ./Drivers/STM32F3xx_HAL_Driver/Src/stm32f3xx_hal_rcc_ex.o
 .comment       0x00000043       0x44 ./Drivers/STM32F3xx_HAL_Driver/Src/stm32f3xx_hal_tim.o
 .comment       0x00000043       0x44 ./Drivers/STM32F3xx_HAL_Driver/Src/stm32f3xx_hal_tim_ex.o

.debug_frame    0x00000000     0x46a8
 .debug_frame   0x00000000      0x174 ./Core/Src/main.o
 .debug_frame   0x00000174      0x13c ./Core/Src/stm32f3xx_hal_msp.o
 .debug_frame   0x000002b0      0x13c ./Core/Src/stm32f3xx_it.o
 .debug_frame   0x000003ec       0x58 ./Core/Src/system_stm32f3xx.o
 .debug_frame   0x00000444      0x334 ./Drivers/STM32F3xx_HAL_Driver/Src/stm32f3xx_hal.o
 .debug_frame   0x00000778      0x380 ./Drivers/STM32F3xx_HAL_Driver/Src/stm32f3xx_hal_adc.o
 .debug_frame   0x00000af8      0x638 ./Drivers/STM32F3xx_HAL_Driver/Src/stm32f3xx_hal_adc_ex.o
 .debug_frame   0x00001130      0x428 ./Drivers/STM32F3xx_HAL_Driver/Src/stm32f3xx_hal_cortex.o
 .debug_frame   0x00001558      0x14c ./Drivers/STM32F3xx_HAL_Driver/Src/stm32f3xx_hal_gpio.o
 .debug_frame   0x000016a4     0x1354 ./Drivers/STM32F3xx_HAL_Driver/Src/stm32f3xx_hal_hrtim.o
 .debug_frame   0x000029f8      0x214 ./Drivers/STM32F3xx_HAL_Driver/Src/stm32f3xx_hal_rcc.o
 .debug_frame   0x00002c0c       0xb0 ./Drivers/STM32F3xx_HAL_Driver/Src/stm32f3xx_hal_rcc_ex.o
 .debug_frame   0x00002cbc     0x1218 ./Drivers/STM32F3xx_HAL_Driver/Src/stm32f3xx_hal_tim.o
 .debug_frame   0x00003ed4      0x688 ./Drivers/STM32F3xx_HAL_Driver/Src/stm32f3xx_hal_tim_ex.o
 .debug_frame   0x0000455c       0x20 C:/ST/STM32CubeIDE_1.19.0/STM32CubeIDE/plugins/com.st.stm32cube.ide.mcu.externaltools.gnu-tools-for-stm32.13.3.rel1.win32_1.0.0.202411081344/tools/bin/../lib/gcc/arm-none-eabi/13.3.1/../../../../arm-none-eabi/lib/thumb/v7e-m+fp/hard\libc_nano.a(libc_a-memset.o)
 .debug_frame   0x0000457c       0x2c C:/ST/STM32CubeIDE_1.19.0/STM32CubeIDE/plugins/com.st.stm32cube.ide.mcu.externaltools.gnu-tools-for-stm32.13.3.rel1.win32_1.0.0.202411081344/tools/bin/../lib/gcc/arm-none-eabi/13.3.1/../../../../arm-none-eabi/lib/thumb/v7e-m+fp/hard\libc_nano.a(libc_a-init.o)
 .debug_frame   0x000045a8       0x30 C:/ST/STM32CubeIDE_1.19.0/STM32CubeIDE/plugins/com.st.stm32cube.ide.mcu.externaltools.gnu-tools-for-stm32.13.3.rel1.win32_1.0.0.202411081344/tools/bin/../lib/gcc/arm-none-eabi/13.3.1/thumb/v7e-m+fp/hard\libgcc.a(_arm_muldf3.o)
 .debug_frame   0x000045d8       0xac C:/ST/STM32CubeIDE_1.19.0/STM32CubeIDE/plugins/com.st.stm32cube.ide.mcu.externaltools.gnu-tools-for-stm32.13.3.rel1.win32_1.0.0.202411081344/tools/bin/../lib/gcc/arm-none-eabi/13.3.1/thumb/v7e-m+fp/hard\libgcc.a(_arm_addsubdf3.o)
 .debug_frame   0x00004684       0x24 C:/ST/STM32CubeIDE_1.19.0/STM32CubeIDE/plugins/com.st.stm32cube.ide.mcu.externaltools.gnu-tools-for-stm32.13.3.rel1.win32_1.0.0.202411081344/tools/bin/../lib/gcc/arm-none-eabi/13.3.1/thumb/v7e-m+fp/hard\libgcc.a(_arm_truncdfsf2.o)

.debug_line_str
                0x00000000       0x5a
 .debug_line_str
                0x00000000       0x5a ./Core/Startup/startup_stm32f334c8tx.o
