../Core/Src/main.c:103:7:update_pi	24	static
../Core/Src/main.c:116:6:HAL_TIM_PeriodElapsedCallback	16	static
../Core/Src/main.c:132:6:HAL_ADCEx_InjectedConvCpltCallback	32	static
../Core/Src/main.c:158:5:main	8	static
../Core/Src/main.c:223:6:SystemClock_Config	96	static
../Core/Src/main.c:272:13:MX_ADC1_Init	64	static
../Core/Src/main.c:369:13:MX_HRTIM1_Init	200	static
../Core/Src/main.c:493:13:MX_TIM1_Init	40	static
../Core/Src/main.c:540:13:MX_GPIO_Init	16	static
../Core/Src/main.c:562:6:Error_Handler	4	static,ignoring_inline_asm
